// Jest Snapshot v1, https://goo.gl/fbAQLP

exports[`renders header logo 1`] = `
<header
  class="header"
>
  Hover for change percent
</header>
`;
